#-----------------------------------------------------------
# Vivado v2020.2 (64-bit)
# SW Build 3064766 on Wed Nov 18 09:12:47 MST 2020
# IP Build 3064653 on Wed Nov 18 14:17:31 MST 2020
# Start of session at: Sat Jun 12 20:03:38 2021
# Process ID: 16524
# Current directory: /home/avanpc/avanco/vivado_projects/dynamic_function_exchange/dfx_project/rm_template
# Command line: vivado ../top_proj/top_proj.xpr
# Log file: /home/avanpc/avanco/vivado_projects/dynamic_function_exchange/dfx_project/rm_template/vivado.log
# Journal file: /home/avanpc/avanco/vivado_projects/dynamic_function_exchange/dfx_project/rm_template/vivado.jou
#-----------------------------------------------------------
start_gui
open_project ../top_proj/top_proj.xpr
update_compile_order -fileset sources_1
open_bd_design {/home/avanpc/avanco/vivado_projects/dynamic_function_exchange/dfx_project/top_proj/top_proj.srcs/sources_1/bd/design_1/design_1.bd}
write_bd_tcl -force /home/avanpc/avanco/git_repos/ali/fpga-virtualization/DFX/tcl_files/shell_2users.tcl
