#-----------------------------------------------------------
# Vivado v2020.2 (64-bit)
# SW Build 3064766 on Wed Nov 18 09:12:47 MST 2020
# IP Build 3064653 on Wed Nov 18 14:17:31 MST 2020
# Start of session at: Sun Jul 11 11:40:24 2021
# Process ID: 11991
# Current directory: /home/avanpc/avanco/vivado_projects/dynamic_function_exchange/dfx_project/rm_template
# Command line: vivado rm_template.xpr
# Log file: /home/avanpc/avanco/vivado_projects/dynamic_function_exchange/dfx_project/rm_template/vivado.log
# Journal file: /home/avanpc/avanco/vivado_projects/dynamic_function_exchange/dfx_project/rm_template/vivado.jou
#-----------------------------------------------------------
start_gui
open_project rm_template.xpr
update_compile_order -fileset sources_1
write_project_tcl -all_properties -dump_project_info -quiet -verbose {/home/avanpc/avanco/vivado_projects/dynamic_function_exchange/dfx_project/rm_template/rm_template.tcl}
export_ip_user_files -of_objects  [get_files /home/avanpc/avanco/vivado_projects/dynamic_function_exchange/dfx_project/rm_template/rm_template.srcs/sources_1/imports/dfx_project/rtl/rm_wrapper.v] -no_script -reset -force -quiet
remove_files  /home/avanpc/avanco/vivado_projects/dynamic_function_exchange/dfx_project/rm_template/rm_template.srcs/sources_1/imports/dfx_project/rtl/rm_wrapper.v
import_files -norecurse /home/avanpc/avanco/vivado_projects/dynamic_function_exchange/dfx_project/rm_template/rtl_files/rm_wrapper.v
update_compile_order -fileset sources_1
update_compile_order -fileset sources_1
export_ip_user_files -of_objects  [get_files /home/avanpc/avanco/vivado_projects/dynamic_function_exchange/dfx_project/rm_template/rm_template.srcs/sources_1/imports/rtl_files/rm_wrapper.v] -no_script -reset -force -quiet
remove_files  /home/avanpc/avanco/vivado_projects/dynamic_function_exchange/dfx_project/rm_template/rm_template.srcs/sources_1/imports/rtl_files/rm_wrapper.v
file delete -force /home/avanpc/avanco/vivado_projects/dynamic_function_exchange/dfx_project/rm_template/rm_template.srcs/sources_1/imports/rtl_files/rm_wrapper.v
add_files -norecurse /home/avanpc/avanco/vivado_projects/dynamic_function_exchange/dfx_project/rm_template/rtl_files/rm_wrapper.v
update_compile_order -fileset sources_1
update_compile_order -fileset sources_1
write_project_tcl -all_properties -dump_project_info -quiet -verbose -force {/home/avanpc/avanco/vivado_projects/dynamic_function_exchange/dfx_project/rm_template/rm_template.tcl}
open_bd_design {/home/avanpc/avanco/vivado_projects/dynamic_function_exchange/dfx_project/rm_template/rm_template.srcs/sources_1/bd/rm_design/rm_design.bd}
move_bd_cells [get_bd_cells /] [get_bd_cells custom_logic/proc_sys_reset_0_extra_2]
set_property name DDR_RESETN [get_bd_pins custom_logic/M00_ARESETN]
save_bd_design
regenerate_bd_layout
write_project_tcl -all_properties -dump_project_info -quiet -verbose {/home/avanpc/avanco/vivado_projects/dynamic_function_exchange/dfx_project/rm_template/rtl_files/rm_template.tcl}
validate_bd_design
save_bd_design
close_bd_design [get_bd_designs rm_design]
write_project_tcl -all_properties -dump_project_info -quiet -verbose {/home/avanpc/avanco/vivado_projects/dynamic_function_exchange/dfx_project/rm_template/rm_template.tcl}
